// Jest Snapshot v1, https://goo.gl/fbAQLP

exports[`App renders as expected 1`] = `
<DocumentFragment>
  <div
    class="App"
  >
    <div
      class="navbar"
    >
      <img
        alt="Logo"
        data-testid="logo"
        src="logo.png"
      />
      <div
        class="navbar-links"
      >
        <ul>
          <li
            class="navbar-links-item"
            data-testid="nav-link-1"
          >
            <a
              class="link"
              href="/"
            >
              View properties
            </a>
          </li>
          <li
            class="navbar-links-item"
            data-testid="nav-link-2"
          >
            <a
              class="link"
              href="/add-property"
            >
              Add a property
            </a>
          </li>
        </ul>
      </div>
    </div>
    <div>
      Properties page
      <div
        class="property-card"
      >
        <div
          class="property-card-title"
        >
          Example property text
        </div>
        <div
          class="property-card-type"
        >
          Cottage
        </div>
        <div
          class="property-card-bedrooms"
          data-testid="property-card-bedrooms"
        >
          3
        </div>
        <div
          class="property-card-bathrooms"
          data-testid="property-card-bathrooms"
        >
          2
        </div>
        <div
          class="property-card-price"
          data-testid="property-card-price"
        >
          300000
        </div>
        <div
          class="property-card-city"
        >
          Manchester
        </div>
        <div
          class="property-card-email"
        >
          <a
            href="mailto:email@address.com"
          >
            email@address.com
          </a>
        </div>
      </div>
    </div>
    <h2>
      Property App
    </h2>
  </div>
</DocumentFragment>
`;
